
> build
> vite build

vite v6.4.1 building for production...
transforming...
✓ 1002 modules transformed.
✗ Build failed in 969ms
error during build:
[vite]: Rollup failed to resolve import "sonner" from "/Users/user/Desktop/varnell-react/vernell/resources/js/pages/admin/materials.tsx".
This is most likely unintended because it can break your application at runtime.
If you do want to externalize this module explicitly add it to
`build.rollupOptions.external`
    at viteLog (file:///Users/user/Desktop/varnell-react/vernell/node_modules/vite/dist/node/chunks/dep-D4NMHUTW.js:46374:15)
    at file:///Users/user/Desktop/varnell-react/vernell/node_modules/vite/dist/node/chunks/dep-D4NMHUTW.js:46432:18
    at onwarn (file:///Users/user/Desktop/varnell-react/vernell/node_modules/@vitejs/plugin-react/dist/index.mjs:282:9)
    at file:///Users/user/Desktop/varnell-react/vernell/node_modules/vite/dist/node/chunks/dep-D4NMHUTW.js:46430:7
    at onRollupLog (file:///Users/user/Desktop/varnell-react/vernell/node_modules/vite/dist/node/chunks/dep-D4NMHUTW.js:46422:5)
    at onLog (file:///Users/user/Desktop/varnell-react/vernell/node_modules/vite/dist/node/chunks/dep-D4NMHUTW.js:46072:7)
    at file:///Users/user/Desktop/varnell-react/vernell/node_modules/rollup/dist/es/shared/node-entry.js:21369:32
    at Object.logger [as onLog] (file:///Users/user/Desktop/varnell-react/vernell/node_modules/rollup/dist/es/shared/node-entry.js:23364:9)
    at ModuleLoader.handleInvalidResolvedId (file:///Users/user/Desktop/varnell-react/vernell/node_modules/rollup/dist/es/shared/node-entry.js:22108:26)
    at file:///Users/user/Desktop/varnell-react/vernell/node_modules/rollup/dist/es/shared/node-entry.js:22066:26
